Component: ARM Compiler 5.06 update 1 (build 61) Tool: armlink [4d35a8]

==============================================================================

Section Cross References

    hsmtemplatemain.o(i.main) refers to _printf_percent.o(.ARM.Collect$$_printf_percent$$00000000) for _printf_percent
    hsmtemplatemain.o(i.main) refers to _printf_s.o(.ARM.Collect$$_printf_percent$$00000014) for _printf_s
    hsmtemplatemain.o(i.main) refers to _printf_str.o(.text) for _printf_str
    hsmtemplatemain.o(i.main) refers to sysctl.o(i.SysCtlClockSet) for SysCtlClockSet
    hsmtemplatemain.o(i.main) refers to termio.o(i.TERMIO_Init) for TERMIO_Init
    hsmtemplatemain.o(i.main) refers to puts.o(.text) for puts
    hsmtemplatemain.o(i.main) refers to mastersm.o(i.HardwareInit) for HardwareInit
    hsmtemplatemain.o(i.main) refers to noretval__2printf.o(.text) for __2printf
    hsmtemplatemain.o(i.main) refers to es_framework.o(i.ES_Initialize) for ES_Initialize
    hsmtemplatemain.o(i.main) refers to es_framework.o(i.ES_Run) for ES_Run
    eventcheckers.o(i.Check4Keystroke) refers to termio.o(i.kbhit) for kbhit
    eventcheckers.o(i.Check4Keystroke) refers to getc.o(.text) for getc
    eventcheckers.o(i.Check4Keystroke) refers to mapkeys.o(i.PostMapKeys) for PostMapKeys
    eventcheckers.o(i.Check4Keystroke) refers to retarget.o(.data) for __stdin
    admulti.o(i.ADC_MultiInit) refers to admulti.o(.data) for .data
    admulti.o(i.ADC_MultiInit) refers to admulti.o(.constdata) for .constdata
    admulti.o(i.ADC_MultiRead) refers to admulti.o(.data) for .data
    citysensorhw.o(i.CityIntHandler) refers to mastersm.o(i.PostMasterSM) for PostMasterSM
    citysensorhw.o(i.CityIntHandler) refers to citysensorhw.o(.data) for .data
    citysensorhw.o(i.CityTOIntHandler) refers to citysensorhw.o(.data) for .data
    citysensorhw.o(i.ClearFindCityCounter) refers to citysensorhw.o(.data) for .data
    citysensorhw.o(i.DisableCitySensorInts) refers to citysensorhw.o(.data) for .data
    citysensorhw.o(i.GetActualCityPeriodUS) refers to citysensorhw.o(.data) for .data
    citysensorhw.o(i.GetCityPeriodUS) refers to citysensorhw.o(.data) for .data
    citysensorhw.o(i.InitCitySensorHW) refers to citysensorhw.o(.data) for .data
    enablepa25_pb23_pd7_pf0.o(i.PortFunctionInit) refers to sysctl.o(i.SysCtlPeripheralEnable) for SysCtlPeripheralEnable
    enablepa25_pb23_pd7_pf0.o(i.PortFunctionInit) refers to gpio.o(i.GPIOPinTypeGPIOInput) for GPIOPinTypeGPIOInput
    eventprinter.o(i.InitEventPrinter) refers to eventprinter.o(.data) for .data
    eventprinter.o(i.PostEventPrinter) refers to es_framework.o(i.ES_PostToService) for ES_PostToService
    eventprinter.o(i.PostEventPrinter) refers to eventprinter.o(.data) for .data
    eventprinter.o(i.RunEventPrinter) refers to _printf_pad.o(.text) for _printf_pre_padding
    eventprinter.o(i.RunEventPrinter) refers to _printf_percent.o(.ARM.Collect$$_printf_percent$$00000000) for _printf_percent
    eventprinter.o(i.RunEventPrinter) refers to _printf_x.o(.ARM.Collect$$_printf_percent$$0000000C) for _printf_x
    eventprinter.o(i.RunEventPrinter) refers to _printf_hex_int.o(.text) for _printf_longlong_hex
    eventprinter.o(i.RunEventPrinter) refers to _printf_d.o(.ARM.Collect$$_printf_percent$$00000009) for _printf_d
    eventprinter.o(i.RunEventPrinter) refers to _printf_dec.o(.text) for _printf_int_dec
    eventprinter.o(i.RunEventPrinter) refers to noretval__2printf.o(.text) for __2printf
    irsensorhw.o(i.GetIRFreq) refers to irsensorhw.o(.data) for .data
    irsensorhw.o(i.GetIRPeriod) refers to irsensorhw.o(.data) for .data
    irsensorhw.o(i.IRIntHandler) refers to mastersm.o(i.PostMasterSM) for PostMasterSM
    irsensorhw.o(i.IRIntHandler) refers to irsensorhw.o(.data) for .data
    irsensorhw.o(i.IRTOIntHandler) refers to irsensorhw.o(.data) for .data
    irsensorhw.o(i.InitIRSensorHW) refers to irsensorhw.o(.data) for .data
    irsensorhw.o(i.SetTargetBasedOnMyTeam) refers to noretval__2printf.o(.text) for __2printf
    irsensorhw.o(i.SetTargetBasedOnMyTeam) refers to irsensorhw.o(.data) for .data
    linesensorshw.o(i.Check4CenterOnBlackLine) refers to mastersm.o(i.PostMasterSM) for PostMasterSM
    linesensorshw.o(i.Check4CenterOnBlackLine) refers to linesensorshw.o(.data) for .data
    linesensorshw.o(i.Check4FrontOnBlackLine) refers to mastersm.o(i.PostMasterSM) for PostMasterSM
    linesensorshw.o(i.Check4FrontOnBlackLine) refers to linesensorshw.o(.data) for .data
    linesensorshw.o(i.Check4LineAligned) refers to mastersm.o(i.PostMasterSM) for PostMasterSM
    linesensorshw.o(i.Check4LineAligned) refers to linesensorshw.o(.data) for .data
    linesensorshw.o(i.ClearLineSensorReadings) refers to linesensorshw.o(.data) for .data
    linesensorshw.o(i.ClearOffLineCounter) refers to linesensorshw.o(.data) for .data
    linesensorshw.o(i.GetLineReading) refers to linesensorshw.o(.data) for .data
[...]
    i.SetCAMMotorOn                          0x000030fc   Section        0  cammotorhw.o(i.SetCAMMotorOn)
    i.SetLEDOff                              0x00003110   Section        0  ledshw.o(i.SetLEDOff)
    i.SetLEDOn                               0x00003144   Section        0  ledshw.o(i.SetLEDOn)
    i.SetMotorDutyCycles                     0x00003178   Section        0  project_motorservice.o(i.SetMotorDutyCycles)
    i.SetShouldShootList                     0x000031ac   Section        0  atcityshootsm.o(i.SetShouldShootList)
    i.SetTargetBasedOnMyTeam                 0x000031dc   Section        0  irsensorhw.o(i.SetTargetBasedOnMyTeam)
    i.StartAtCityCommSM                      0x00003240   Section        0  atcitycommsm.o(i.StartAtCityCommSM)
    i.StartAtCityShootSM                     0x00003258   Section        0  atcityshootsm.o(i.StartAtCityShootSM)
    i.StartBotSM                             0x0000326c   Section        0  botsm_1.o(i.StartBotSM)
    i.StartFindingCityNavSM                  0x00003284   Section        0  findingcitynavsm.o(i.StartFindingCityNavSM)
    i.StartGameTimerSM                       0x00003298   Section        0  gametimersm.o(i.StartGameTimerSM)
    i.StartMasterSM                          0x000032ac   Section        0  mastersm.o(i.StartMasterSM)
    i.StartPACCommSM                         0x000032bc   Section        0  paccommsm.o(i.StartPACCommSM)
    i.SysCtlClockSet                         0x000032d0   Section        0  sysctl.o(i.SysCtlClockSet)
    i.SysCtlPeripheralEnable                 0x000033f0   Section        0  sysctl.o(i.SysCtlPeripheralEnable)
    i.SysTickEnable                          0x00003418   Section        0  systick.o(i.SysTickEnable)
    i.SysTickIntEnable                       0x00003426   Section        0  systick.o(i.SysTickIntEnable)
    i.SysTickIntHandler                      0x00003434   Section        0  es_port.o(i.SysTickIntHandler)
    i.SysTickPeriodSet                       0x00003448   Section        0  systick.o(i.SysTickPeriodSet)
    i.TERMIO_GetChar                         0x00003452   Section        0  termio.o(i.TERMIO_GetChar)
    i.TERMIO_Init                            0x00003458   Section        0  termio.o(i.TERMIO_Init)
    i.TERMIO_PutChar                         0x000034a8   Section        0  termio.o(i.TERMIO_PutChar)
    i.TimeoutResponse0                       0x000034b4   Section        0  project_motorservice.o(i.TimeoutResponse0)
    i.TimeoutResponse1                       0x000034d0   Section        0  project_motorservice.o(i.TimeoutResponse1)
    i.TransmitSSI                            0x000034ec   Section        0  ssihw.o(i.TransmitSSI)
    i.UARTCharPut                            0x00003508   Section        0  uart.o(i.UARTCharPut)
    i.UARTClockSourceSet                     0x00003514   Section        0  uart.o(i.UARTClockSourceSet)
    i.UARTStdioConfig                        0x0000351c   Section        0  uartstdio.o(i.UARTStdioConfig)
    i.UARTgetc                               0x00003578   Section        0  uartstdio.o(i.UARTgetc)
    i.UpdateAllLineReadings                  0x00003590   Section        0  linesensorshw.o(i.UpdateAllLineReadings)
    i._HW_GetTickCount                       0x000035b8   Section        0  es_port.o(i._HW_GetTickCount)
    i._HW_Process_Pending_Ints               0x000035c4   Section        0  es_port.o(i._HW_Process_Pending_Ints)
    i._HW_Timer_Init                         0x000035e4   Section        0  es_port.o(i._HW_Timer_Init)
    i._is_digit                              0x000035fa   Section        0  __printf_wp.o(i._is_digit)
    i._sys_exit                              0x00003608   Section        0  retarget.o(i._sys_exit)
    i.ferror                                 0x0000360a   Section        0  retarget.o(i.ferror)
    i.fgetc                                  0x00003610   Section        0  retarget.o(i.fgetc)
    i.fputc                                  0x00003614   Section        0  retarget.o(i.fputc)
    i.kbhit                                  0x00003624   Section        0  termio.o(i.kbhit)
    i.main                                   0x00003638   Section        0  hsmtemplatemain.o(i.main)
    i.setDuty                                0x00003780   Section        0  project_pwmlab.o(i.setDuty)
    locale$$code                             0x0000381c   Section       44  lc_ctype_c.o(locale$$code)
    x$fpl$d2f                                0x00003848   Section       98  d2f.o(x$fpl$d2f)
    $v0                                      0x00003848   Number         0  d2f.o(x$fpl$d2f)
    x$fpl$dadd                               0x000038ac   Section      336  daddsub_clz.o(x$fpl$dadd)
    $v0                                      0x000038ac   Number         0  daddsub_clz.o(x$fpl$dadd)
    _dadd1                                   0x000038bd   Thumb Code     0  daddsub_clz.o(x$fpl$dadd)
    x$fpl$dflt                               0x000039fc   Section       46  dflt_clz.o(x$fpl$dflt)
    $v0                                      0x000039fc   Number         0  dflt_clz.o(x$fpl$dflt)
    x$fpl$dmul                               0x00003a2c   Section      340  dmul.o(x$fpl$dmul)
    $v0                                      0x00003a2c   Number         0  dmul.o(x$fpl$dmul)
    x$fpl$dnaninf                            0x00003b80   Section      156  dnaninf.o(x$fpl$dnaninf)
    $v0                                      0x00003b80   Number         0  dnaninf.o(x$fpl$dnaninf)
    x$fpl$dretinf                            0x00003c1c   Section       12  dretinf.o(x$fpl$dretinf)
    $v0                                      0x00003c1c   Number         0  dretinf.o(x$fpl$dretinf)
    x$fpl$dsub                               0x00003c28   Section      468  daddsub_clz.o(x$fpl$dsub)
    $v0                                      0x00003c28   Number         0  daddsub_clz.o(x$fpl$dsub)
    _dsub1                                   0x00003c39   Thumb Code     0  daddsub_clz.o(x$fpl$dsub)
    x$fpl$f2d                                0x00003dfc   Section       86  f2d.o(x$fpl$f2d)
    $v0                                      0x00003dfc   Number         0  f2d.o(x$fpl$f2d)
    x$fpl$fnaninf                            0x00003e52   Section      140  fnaninf.o(x$fpl$fnaninf)
    $v0                                      0x00003e52   Number         0  fnaninf.o(x$fpl$fnaninf)
    x$fpl$fpinit                             0x00003ede   Section       10  fpinit.o(x$fpl$fpinit)
    $v0                                      0x00003ede   Number         0  fpinit.o(x$fpl$fpinit)
    x$fpl$fretinf                            0x00003ee8   Section       10  fretinf.o(x$fpl$fretinf)
    $v0                                      0x00003ee8   Number         0  fretinf.o(x$fpl$fretinf)
    x$fpl$usenofp                            0x00003ef2   Section        0  usenofp.o(x$fpl$usenofp)
    .constdata                               0x00003ef4   Section       48  admulti.o(.constdata)
    HowMany2Mask                             0x00003ef4   Data          16  admulti.o(.constdata)
    HowMany2Mux                              0x00003f04   Data          16  admulti.o(.constdata)
    HowMany2CTL                              0x00003f14   Data          16  admulti.o(.constdata)
    .constdata                               0x00003f24   Section        4  botsm_1.o(.constdata)
    .constdata                               0x00003f28   Section        4  gametimersm.o(.constdata)
    .constdata                               0x00003f2c   Section        4  paccommsm.o(.constdata)
    .constdata                               0x00003f30   Section        4  atcitycommsm.o(.constdata)
    .constdata                               0x00003f34   Section        4  atcityshootsm.o(.constdata)
    .constdata                               0x00003f38   Section        4  findingcitynavsm.o(.constdata)
    .constdata                               0x00003f3c   Section        4  es_checkevents.o(.constdata)
    ES_EventList                             0x00003f3c   Data           4  es_checkevents.o(.constdata)
    .constdata                               0x00003f40   Section       80  es_framework.o(.constdata)
    ServDescList                             0x00003f40   Data          40  es_framework.o(.constdata)
    EventQueues                              0x00003f68   Data          40  es_framework.o(.constdata)
    .constdata                               0x00003f90   Section       32  es_lookuptables.o(.constdata)
    .constdata                               0x00003fb0   Section       15  es_lookuptables.o(.constdata)
    .constdata                               0x00003fc0   Section       24  es_postlist.o(.constdata)
    DistList00                               0x00003fc0   Data           8  es_postlist.o(.constdata)
    DistList01                               0x00003fc8   Data           8  es_postlist.o(.constdata)
    DistList02                               0x00003fd0   Data           8  es_postlist.o(.constdata)
    .constdata                               0x00003fd8   Section       64  es_timers.o(.constdata)
    Timer2PostFunc                           0x00003fd8   Data          64  es_timers.o(.constdata)
    .constdata                               0x00004018   Section       28  uartstdio.o(.constdata)
    g_pcHex                                  0x00004018   Data           4  uartstdio.o(.constdata)
    g_ui32UARTBase                           0x0000401c   Data          12  uartstdio.o(.constdata)
    g_ui32UARTPeriph                         0x00004028   Data          12  uartstdio.o(.constdata)
    .constdata                               0x00004034   Section      528  gpio.o(.constdata)
    g_ppui32GPIOIntMapBlizzard               0x00004034   Data         192  gpio.o(.constdata)
    g_ppui32GPIOIntMapSnowflake              0x000040f4   Data         192  gpio.o(.constdata)
    g_pui32GPIOBaseAddrs                     0x000041b4   Data         144  gpio.o(.constdata)
    .constdata                               0x00004244   Section       40  _printf_hex_int.o(.constdata)
    uc_hextab                                0x00004244   Data          20  _printf_hex_int.o(.constdata)
    lc_hextab                                0x00004258   Data          20  _printf_hex_int.o(.constdata)
    .constdata                               0x0000426c   Section       17  __printf_flags_wp.o(.constdata)
    maptable                                 0x0000426c   Data          17  __printf_flags_wp.o(.constdata)
    .conststring                             0x00004280   Section      195  atcitycommsm.o(.conststring)
    .conststring                             0x00004344   Section       17  uartstdio.o(.conststring)
    locale$$data                             0x00004378   Section      272  lc_ctype_c.o(locale$$data)
    __lcctype_c_name                         0x0000437c   Data           2  lc_ctype_c.o(locale$$data)
    __lcctype_c_start                        0x00004384   Data           0  lc_ctype_c.o(locale$$data)
    __lcctype_c_end                          0x00004488   Data           0  lc_ctype_c.o(locale$$data)
    .data                                    0x20000000   Section        1  admulti.o(.data)
    NumChannelsConverting                    0x20000000   Data           1  admulti.o(.data)
    .data                                    0x20000004   Section       20  citysensorhw.o(.data)
    lastTime                                 0x20000008   Data           4  citysensorhw.o(.data)
    thisTime                                 0x2000000c   Data           4  citysensorhw.o(.data)
    lastPeriod                               0x20000010   Data           4  citysensorhw.o(.data)
    thisPeriod                               0x20000014   Data           4  citysensorhw.o(.data)
    .data                                    0x20000018   Section        1  eventprinter.o(.data)
    MyPriority                               0x20000018   Data           1  eventprinter.o(.data)
    .data                                    0x2000001c   Section       24  irsensorhw.o(.data)
    lastPeriodInRange                        0x2000001c   Data           1  irsensorhw.o(.data)
    thisPeriodInRange                        0x2000001d   Data           1  irsensorhw.o(.data)
    lastTime                                 0x20000020   Data           4  irsensorhw.o(.data)
    thisTime                                 0x20000024   Data           4  irsensorhw.o(.data)
    thisPeriod                               0x20000028   Data           4  irsensorhw.o(.data)
    targetPeriodMin                          0x2000002c   Data           4  irsensorhw.o(.data)
    targetPeriodMax                          0x20000030   Data           4  irsensorhw.o(.data)
    .data                                    0x20000034   Section       14  linesensorshw.o(.data)
    lastCenterOnBlackLine                    0x20000034   Data           1  linesensorshw.o(.data)
    lastLineAligned                          0x20000035   Data           1  linesensorshw.o(.data)
    lastFrontOnBlackLine                     0x20000036   Data           1  linesensorshw.o(.data)
    offLineCounter                           0x20000038   Data           2  linesensorshw.o(.data)
    lineReadings                             0x2000003a   Data           8  linesensorshw.o(.data)
    .data                                    0x20000042   Section        2  mastersm.o(.data)
    CurrentState                             0x20000042   Data           1  mastersm.o(.data)
    MyPriority                               0x20000043   Data           1  mastersm.o(.data)
    .data                                    0x20000044   Section        1  ssihw.o(.data)
    .data                                    0x20000045   Section        3  botsm_1.o(.data)
    CurrentState                             0x20000045   Data           1  botsm_1.o(.data)
    teamColor                                0x20000046   Data           1  botsm_1.o(.data)
    readyForNewCity                          0x20000047   Data           1  botsm_1.o(.data)
    .data                                    0x20000048   Section        4  gametimersm.o(.data)
    CurrentState                             0x20000048   Data           1  gametimersm.o(.data)
    counter                                  0x20000049   Data           1  gametimersm.o(.data)
    lastMinuteTime                           0x2000004a   Data           2  gametimersm.o(.data)
    .data                                    0x2000004c   Section        8  paccommsm.o(.data)
    CurrentState                             0x2000004c   Data           1  paccommsm.o(.data)
    PACmsg                                   0x20000050   Data           4  paccommsm.o(.data)
    .data                                    0x20000054   Section        2  atcitycommsm.o(.data)
    CurrentState                             0x20000054   Data           1  atcitycommsm.o(.data)
    ackCounter                               0x20000055   Data           1  atcitycommsm.o(.data)
    .data                                    0x20000056   Section        1  mapkeys.o(.data)
    MyPriority                               0x20000056   Data           1  mapkeys.o(.data)
    .data                                    0x20000058   Section       26  atcityshootsm.o(.data)
    CurrentState                             0x20000058   Data           1  atcityshootsm.o(.data)
    targetCity                               0x20000059   Data           1  atcityshootsm.o(.data)
    ballCounter                              0x2000005a   Data           1  atcityshootsm.o(.data)
    turnTime                                 0x2000005c   Data           2  atcityshootsm.o(.data)
    shouldShootRed                           0x2000005e   Data          10  atcityshootsm.o(.data)
    shouldShootBlue                          0x20000068   Data          10  atcityshootsm.o(.data)
    .data                                    0x20000072   Section        1  findingcitynavsm.o(.data)
    CurrentState                             0x20000072   Data           1  findingcitynavsm.o(.data)
    .data                                    0x20000074   Section       36  project_motorservice.o(.data)
    EdgeFlag                                 0x20000074   Data           1  project_motorservice.o(.data)
    MyPriority                               0x20000075   Data           1  project_motorservice.o(.data)
    TargetRPM_L                              0x20000078   Data           4  project_motorservice.o(.data)
    TargetRPM_R                              0x2000007c   Data           4  project_motorservice.o(.data)
    integrand0                               0x20000080   Data           4  project_motorservice.o(.data)
    integrand1                               0x20000084   Data           4  project_motorservice.o(.data)
    Period0                                  0x20000088   Data           4  project_motorservice.o(.data)
    Period1                                  0x2000008c   Data           4  project_motorservice.o(.data)
    LastCapture0                             0x20000090   Data           4  project_motorservice.o(.data)
    LastCapture1                             0x20000094   Data           4  project_motorservice.o(.data)
    .data                                    0x20000098   Section        9  periodiceventcheckerservice.o(.data)
    MyPriority                               0x20000098   Data           1  periodiceventcheckerservice.o(.data)
    counter                                  0x20000099   Data           1  periodiceventcheckerservice.o(.data)
    switchStatus                             0x2000009a   Data           7  periodiceventcheckerservice.o(.data)
    .data                                    0x200000a2   Section        6  es_framework.o(.data)
    ThisEvent                                0x200000a4   Data           4  es_framework.o(.data)
    .data                                    0x200000a8   Section        4  es_port.o(.data)
    TickCount                                0x200000a8   Data           1  es_port.o(.data)
    SysTickCounter                           0x200000aa   Data           2  es_port.o(.data)
    .data                                    0x200000ac   Section        4  es_queue.o(.data)
    .data                                    0x200000b0   Section       10  es_timers.o(.data)
    NextTimer2Process                        0x200000b0   Data           1  es_timers.o(.data)
    NeedsProcessing                          0x200000b2   Data           2  es_timers.o(.data)
    TMR_ActiveFlags                          0x200000b4   Data           2  es_timers.o(.data)
    NewEvent                                 0x200000b6   Data           4  es_timers.o(.data)
    .data                                    0x200000bc   Section        4  retarget.o(.data)
    .data                                    0x200000c0   Section        4  retarget.o(.data)
    .data                                    0x200000c4   Section        8  uartstdio.o(.data)
    bLastWasCR                               0x200000c4   Data           1  uartstdio.o(.data)
    g_ui32Base                               0x200000c8   Data           4  uartstdio.o(.data)
    .bss                                     0x200000cc   Section       16  linesensorshw.o(.bss)
    results                                  0x200000cc   Data          16  linesensorshw.o(.bss)
    .bss                                     0x200000dc   Section       10  atcityshootsm.o(.bss)
    shouldShoot                              0x200000dc   Data          10  atcityshootsm.o(.bss)
    .bss                                     0x200000e6   Section       12  es_framework.o(.bss)
    Queue0                                   0x200000e6   Data          12  es_framework.o(.bss)
    .bss                                     0x200000f2   Section       16  es_framework.o(.bss)
    Queue1                                   0x200000f2   Data          16  es_framework.o(.bss)
    .bss                                     0x20000102   Section       16  es_framework.o(.bss)
    Queue2                                   0x20000102   Data          16  es_framework.o(.bss)
    .bss                                     0x20000112   Section       16  es_framework.o(.bss)
    Queue3                                   0x20000112   Data          16  es_framework.o(.bss)
    .bss                                     0x20000122   Section       16  es_framework.o(.bss)
    Queue4                                   0x20000122   Data          16  es_framework.o(.bss)
    .bss                                     0x20000132   Section       32  es_timers.o(.bss)
    TMR_TimerArray                           0x20000132   Data          32  es_timers.o(.bss)
    .bss                                     0x20000154   Section       96  libspace.o(.bss)
    HEAP                                     0x200001b8   Section        0  startup_rvmdk.o(HEAP)
    STACK                                    0x200001b8   Section     2048  startup_rvmdk.o(STACK)
    HeapMem                                  0x200001b8   Data           0  startup_rvmdk.o(HEAP)
    StackMem                                 0x200001b8   Data           0  startup_rvmdk.o(STACK)

    Global Symbols

    Symbol Name                              Value     Ov Type        Size  Object(Section)

    BuildAttributes$$THM_ISAv4$E$P$D$K$B$S$7EM$VFPi3$EXTD16$VFPS$VFMA$PE$A:L22UL41UL21$X:L11$S22US41US21$IEEE1$IW$USESV6$~STKCKD$USESV7$~SHL$OTIME$ROPI$EBA8$UX$STANDARDLIB$REQ8$PRES8$EABIv2 0x00000000   Number         0  anon$$obj.o ABSOLUTE
    __ARM_use_no_argv                        0x00000000   Number         0  hsmtemplatemain.o ABSOLUTE
    __Vectors                                0x00000000   Data           0  startup_rvmdk.o(RESET)
    _printf_flags                            0x00000000   Number         0  printf_stubs.o ABSOLUTE
    _printf_return_value                     0x00000000   Number         0  printf_stubs.o ABSOLUTE
    _printf_sizespec                         0x00000000   Number         0  printf_stubs.o ABSOLUTE
    _printf_widthprec                        0x00000000   Number         0  printf_stubs.o ABSOLUTE
    __ARM_exceptions_init                     - Undefined Weak Reference
    __alloca_initialize                       - Undefined Weak Reference
    __arm_preinit_                            - Undefined Weak Reference
    __cpp_initialize__aeabi_                  - Undefined Weak Reference
    __cxa_finalize                            - Undefined Weak Reference
    __sigvec_lookup                           - Undefined Weak Reference
    _atexit_init                              - Undefined Weak Reference
    _call_atexit_fns                          - Undefined Weak Reference
    _clock_init                               - Undefined Weak Reference
    _fp_trap_init                             - Undefined Weak Reference
    _fp_trap_shutdown                         - Undefined Weak Reference
    _get_lc_collate                           - Undefined Weak Reference
    _get_lc_monetary                          - Undefined Weak Reference
    _get_lc_numeric                           - Undefined Weak Reference
    _get_lc_time                              - Undefined Weak Reference
    _getenv_init                              - Undefined Weak Reference
    _handle_redirection                       - Undefined Weak Reference
    _init_alloc                               - Undefined Weak Reference
    _init_user_alloc                          - Undefined Weak Reference
    _initio                                   - Undefined Weak Reference
    _printf_mbtowc                            - Undefined Weak Reference
    _printf_truncate_signed                   - Undefined Weak Reference
    _printf_truncate_unsigned                 - Undefined Weak Reference
    _rand_init                                - Undefined Weak Reference
    _signal_finish                            - Undefined Weak Reference
    _signal_init                              - Undefined Weak Reference
    _terminate_alloc                          - Undefined Weak Reference
    _terminate_user_alloc                     - Undefined Weak Reference
    _terminateio                              - Undefined Weak Reference
    Reset_Handler                            0x0000026d   Thumb Code     0  startup_rvmdk.o(RESET)
    __main                                   0x00000289   Thumb Code     8  __main.o(!!!main)
    __scatterload                            0x00000291   Thumb Code     0  __scatter.o(!!!scatter)
    __scatterload_rt2                        0x00000291   Thumb Code    44  __scatter.o(!!!scatter)
    __scatterload_rt2_thumb_only             0x00000291   Thumb Code     0  __scatter.o(!!!scatter)
    __scatterload_null                       0x0000029f   Thumb Code     0  __scatter.o(!!!scatter)
    __scatterload_copy                       0x000002c5   Thumb Code    26  __scatter_copy.o(!!handler_copy)
    __scatterload_zeroinit                   0x000002e1   Thumb Code    28  __scatter_zi.o(!!handler_zi)
    _printf_d                                0x000002fd   Thumb Code     0  _printf_d.o(.ARM.Collect$$_printf_percent$$00000009)
    _printf_percent                          0x000002fd   Thumb Code     0  _printf_percent.o(.ARM.Collect$$_printf_percent$$00000000)
    _printf_x                                0x00000303   Thumb Code     0  _printf_x.o(.ARM.Collect$$_printf_percent$$0000000C)
    _printf_c                                0x00000309   Thumb Code     0  _printf_c.o(.ARM.Collect$$_printf_percent$$00000013)
    _printf_s                                0x0000030f   Thumb Code     0  _printf_s.o(.ARM.Collect$$_printf_percent$$00000014)
    _printf_percent_end                      0x00000315   Thumb Code     0  _printf_percent_end.o(.ARM.Collect$$_printf_percent$$00000017)
    __rt_lib_init                            0x00000319   Thumb Code     0  libinit.o(.ARM.Collect$$libinit$$00000000)
    __rt_lib_init_fp_1                       0x0000031b   Thumb Code     0  libinit2.o(.ARM.Collect$$libinit$$00000001)
    __rt_lib_init_heap_1                     0x0000031f   Thumb Code     0  libinit2.o(.ARM.Collect$$libinit$$0000000A)
    __rt_lib_init_lc_common                  0x0000031f   Thumb Code     0  libinit2.o(.ARM.Collect$$libinit$$0000000F)
    __rt_lib_init_preinit_1                  0x0000031f   Thumb Code     0  libinit2.o(.ARM.Collect$$libinit$$00000004)
    __rt_lib_init_rand_1                     0x0000031f   Thumb Code     0  libinit2.o(.ARM.Collect$$libinit$$0000000E)
    __rt_lib_init_user_alloc_1               0x0000031f   Thumb Code     0  libinit2.o(.ARM.Collect$$libinit$$0000000C)
    __rt_lib_init_lc_collate_1               0x00000325   Thumb Code     0  libinit2.o(.ARM.Collect$$libinit$$00000011)
    __rt_lib_init_lc_ctype_2                 0x00000325   Thumb Code     0  libinit2.o(.ARM.Collect$$libinit$$00000012)
    __rt_lib_init_alloca_1                   0x00000331   Thumb Code     0  libinit2.o(.ARM.Collect$$libinit$$0000002E)
    __rt_lib_init_argv_1                     0x00000331   Thumb Code     0  libinit2.o(.ARM.Collect$$libinit$$0000002C)
    __rt_lib_init_atexit_1                   0x00000331   Thumb Code     0  libinit2.o(.ARM.Collect$$libinit$$0000001B)
    __rt_lib_init_clock_1                    0x00000331   Thumb Code     0  libinit2.o(.ARM.Collect$$libinit$$00000021)
    __rt_lib_init_cpp_1                      0x00000331   Thumb Code     0  libinit2.o(.ARM.Collect$$libinit$$00000032)
    __rt_lib_init_exceptions_1               0x00000331   Thumb Code     0  libinit2.o(.ARM.Collect$$libinit$$00000030)
    __rt_lib_init_fp_trap_1                  0x00000331   Thumb Code     0  libinit2.o(.ARM.Collect$$libinit$$0000001F)
    __rt_lib_init_getenv_1                   0x00000331   Thumb Code     0  libinit2.o(.ARM.Collect$$libinit$$00000023)
    __rt_lib_init_lc_ctype_1                 0x00000331   Thumb Code     0  libinit2.o(.ARM.Collect$$libinit$$00000013)
    __rt_lib_init_lc_monetary_1              0x00000331   Thumb Code     0  libinit2.o(.ARM.Collect$$libinit$$00000015)
    __rt_lib_init_lc_numeric_1               0x00000331   Thumb Code     0  libinit2.o(.ARM.Collect$$libinit$$00000017)
    __rt_lib_init_lc_time_1                  0x00000331   Thumb Code     0  libinit2.o(.ARM.Collect$$libinit$$00000019)
    __rt_lib_init_return                     0x00000331   Thumb Code     0  libinit2.o(.ARM.Collect$$libinit$$00000033)
    __rt_lib_init_signal_1                   0x00000331   Thumb Code     0  libinit2.o(.ARM.Collect$$libinit$$0000001D)
    __rt_lib_init_stdio_1                    0x00000331   Thumb Code     0  libinit2.o(.ARM.Collect$$libinit$$00000025)
    __rt_lib_shutdown                        0x00000333   Thumb Code     0  libshutdown.o(.ARM.Collect$$libshutdown$$00000000)
    __rt_lib_shutdown_cpp_1                  0x00000335   Thumb Code     0  libshutdown2.o(.ARM.Collect$$libshutdown$$00000002)
    __rt_lib_shutdown_fp_trap_1              0x00000335   Thumb Code     0  libshutdown2.o(.ARM.Collect$$libshutdown$$00000007)
    __rt_lib_shutdown_heap_1                 0x00000335   Thumb Code     0  libshutdown2.o(.ARM.Collect$$libshutdown$$0000000F)
    __rt_lib_shutdown_return                 0x00000335   Thumb Code     0  libshutdown2.o(.ARM.Collect$$libshutdown$$00000010)
    __rt_lib_shutdown_signal_1               0x00000335   Thumb Code     0  libshutdown2.o(.ARM.Collect$$libshutdown$$0000000A)
    __rt_lib_shutdown_stdio_1                0x00000335   Thumb Code     0  libshutdown2.o(.ARM.Collect$$libshutdown$$00000004)
    __rt_lib_shutdown_user_alloc_1           0x00000335   Thumb Code     0  libshutdown2.o(.ARM.Collect$$libshutdown$$0000000C)
    __rt_entry                               0x00000337   Thumb Code     0  __rtentry.o(.ARM.Collect$$rtentry$$00000000)
    __rt_entry_presh_1                       0x00000337   Thumb Code     0  __rtentry2.o(.ARM.Collect$$rtentry$$00000002)
    __rt_entry_sh                            0x00000337   Thumb Code     0  __rtentry4.o(.ARM.Collect$$rtentry$$00000004)
    __rt_entry_li                            0x0000033d   Thumb Code     0  __rtentry2.o(.ARM.Collect$$rtentry$$0000000A)
    __rt_entry_postsh_1                      0x0000033d   Thumb Code     0  __rtentry2.o(.ARM.Collect$$rtentry$$00000009)
    __rt_entry_main                          0x00000341   Thumb Code     0  __rtentry2.o(.ARM.Collect$$rtentry$$0000000D)
    __rt_entry_postli_1                      0x00000341   Thumb Code     0  __rtentry2.o(.ARM.Collect$$rtentry$$0000000C)
    __rt_exit                                0x00000349   Thumb Code     0  rtexit.o(.ARM.Collect$$rtexit$$00000000)
    __rt_exit_ls                             0x0000034b   Thumb Code     0  rtexit2.o(.ARM.Collect$$rtexit$$00000003)
    __rt_exit_prels_1                        0x0000034b   Thumb Code     0  rtexit2.o(.ARM.Collect$$rtexit$$00000002)
    __rt_exit_exit                           0x0000034f   Thumb Code     0  rtexit2.o(.ARM.Collect$$rtexit$$00000004)
    SysCtlDelay                              0x00000355   Thumb Code     6  sysctl.o(.emb_text)
    CPUcpsid                                 0x0000035d   Thumb Code     8  cpu.o(.emb_text)
    CPUprimask                               0x00000365   Thumb Code     6  cpu.o(.emb_text)
    CPUcpsie                                 0x0000036b   Thumb Code     8  cpu.o(.emb_text)
    CPUwfi                                   0x00000373   Thumb Code     4  cpu.o(.emb_text)
    CPUbasepriSet                            0x00000377   Thumb Code     6  cpu.o(.emb_text)
    CPUbasepriGet                            0x0000037d   Thumb Code     6  cpu.o(.emb_text)
    __user_initial_stackheap                 0x00000385   Thumb Code     0  startup_rvmdk.o(.text)
    __I$use$semihosting                      0x0000039d   Thumb Code     0  use_no_semi.o(.text)
    __use_no_semihosting_swi                 0x0000039d   Thumb Code     2  use_no_semi.o(.text)
    toupper                                  0x0000039f   Thumb Code    30  toupper.o(.text)
    __2printf                                0x000003bd   Thumb Code    20  noretval__2printf.o(.text)
    _printf_pre_padding                      0x000003d5   Thumb Code    44  _printf_pad.o(.text)
    _printf_post_padding                     0x00000401   Thumb Code    34  _printf_pad.o(.text)
    _printf_str                              0x00000423   Thumb Code    82  _printf_str.o(.text)
    _printf_int_dec                          0x00000475   Thumb Code   104  _printf_dec.o(.text)
    _printf_int_hex                          0x000004ed   Thumb Code    84  _printf_hex_int.o(.text)
    _printf_longlong_hex                     0x000004ed   Thumb Code     0  _printf_hex_int.o(.text)
    __printf                                 0x00000545   Thumb Code   308  __printf_flags_wp.o(.text)
    getc                                     0x0000067d   Thumb Code     4  getc.o(.text)
    puts                                     0x00000681   Thumb Code    40  puts.o(.text)
    __use_two_region_memory                  0x000006ad   Thumb Code     2  heapauxi.o(.text)
    __rt_heap_escrow$2region                 0x000006af   Thumb Code     2  heapauxi.o(.text)
    __rt_heap_expand$2region                 0x000006b1   Thumb Code     2  heapauxi.o(.text)
    __rt_ctype_table                         0x000006b5   Thumb Code    16  rt_ctype_table.o(.text)
    _printf_int_common                       0x000006c5   Thumb Code   178  _printf_intcommon.o(.text)
    _printf_cs_common                        0x00000777   Thumb Code    20  _printf_char.o(.text)
    _printf_char                             0x0000078b   Thumb Code    16  _printf_char.o(.text)
    _printf_string                           0x0000079b   Thumb Code     8  _printf_char.o(.text)
    _printf_char_file                        0x000007a5   Thumb Code    32  _printf_char_file.o(.text)
    __rt_locale                              0x000007c9   Thumb Code     8  rt_locale_intlibspace.o(.text)
    _printf_char_common                      0x000007db   Thumb Code    32  _printf_char_common.o(.text)
    __user_libspace                          0x00000801   Thumb Code     8  libspace.o(.text)
    __user_perproc_libspace                  0x00000801   Thumb Code     0  libspace.o(.text)
    __user_perthread_libspace                0x00000801   Thumb Code     0  libspace.o(.text)
    __user_setup_stackheap                   0x00000809   Thumb Code    74  sys_stackheap_outer.o(.text)
    exit                                     0x00000853   Thumb Code    18  exit.o(.text)
    strcmp                                   0x00000865   Thumb Code   128  strcmpv7m.o(.text)
    ADC_MultiInit                            0x000008e5   Thumb Code   170  admulti.o(i.ADC_MultiInit)
    ADC_MultiRead                            0x000009ad   Thumb Code    46  admulti.o(i.ADC_MultiRead)
    CPUgetPRIMASK_cpsid                      0x000009e5   Thumb Code     8  es_port.o(i.CPUgetPRIMASK_cpsid)
    CPUsetPRIMASK                            0x000009ed   Thumb Code     6  es_port.o(i.CPUsetPRIMASK)
    Check4CenterOnBlackLine                  0x000009f5   Thumb Code    84  linesensorshw.o(i.Check4CenterOnBlackLine)
    Check4GameOver                           0x00000a4d   Thumb Code    28  gametimersm.o(i.Check4GameOver)
    Check4Keystroke                          0x00000a69   Thumb Code    40  eventcheckers.o(i.Check4Keystroke)
    Check4LineAligned                        0x00000a95   Thumb Code    56  linesensorshw.o(i.Check4LineAligned)
    Check4SwitchChange                       0x00000ad1   Thumb Code   102  periodiceventcheckerservice.o(i.Check4SwitchChange)
    CityIntHandler                           0x00000b3d   Thumb Code    88  citysensorhw.o(i.CityIntHandler)
    CityTOIntHandler                         0x00000ba1   Thumb Code    16  citysensorhw.o(i.CityTOIntHandler)
    ClearFindCityCounter                     0x00000bbd   Thumb Code     8  citysensorhw.o(i.ClearFindCityCounter)
    ClearLineSensorReadings                  0x00000bc9   Thumb Code    12  linesensorshw.o(i.ClearLineSensorReadings)
    ControllerInterruptResponse              0x00000bd9   Thumb Code   146  project_motorservice.o(i.ControllerInterruptResponse)
    DisableCitySensorInts                    0x00000d31   Thumb Code    32  citysensorhw.o(i.DisableCitySensorInts)
    DisableIRInts                            0x00000d5d   Thumb Code    30  irsensorhw.o(i.DisableIRInts)
    DisableLineFollowInts                    0x00000d7d   Thumb Code    12  project_motorservice.o(i.DisableLineFollowInts)
    ES_CheckUserEvents                       0x00000f4d   Thumb Code    34  es_checkevents.o(i.ES_CheckUserEvents)
    ES_DeQueue                               0x00000f75   Thumb Code    80  es_queue.o(i.ES_DeQueue)
    ES_EnQueueFIFO                           0x00000fc9   Thumb Code    66  es_queue.o(i.ES_EnQueueFIFO)
    ES_GetMSBitSet                           0x00001011   Thumb Code    48  es_lookuptables.o(i.ES_GetMSBitSet)
    ES_InitQueue                             0x00001045   Thumb Code    16  es_queue.o(i.ES_InitQueue)
    ES_Initialize                            0x00001055   Thumb Code    72  es_framework.o(i.ES_Initialize)
    ES_PostList01                            0x000010a1   Thumb Code    10  es_postlist.o(i.ES_PostList01)
    ES_PostList02                            0x000010b1   Thumb Code    10  es_postlist.o(i.ES_PostList02)
    ES_PostToService                         0x000010c1   Thumb Code    42  es_framework.o(i.ES_PostToService)
    ES_Run                                   0x000010f9   Thumb Code    84  es_framework.o(i.ES_Run)
    ES_Timer_GetTime                         0x00001159   Thumb Code     4  es_timers.o(i.ES_Timer_GetTime)
    ES_Timer_Init                            0x0000115d   Thumb Code     4  es_timers.o(i.ES_Timer_Init)
    ES_Timer_InitTimer                       0x00001161   Thumb Code    44  es_timers.o(i.ES_Timer_InitTimer)
    ES_Timer_StopTimer                       0x0000119d   Thumb Code    28  es_timers.o(i.ES_Timer_StopTimer)
    ES_Timer_Tick_Resp                       0x000011c1   Thumb Code    90  es_timers.o(i.ES_Timer_Tick_Resp)
    EnableCitySensorInts                     0x0000122d   Thumb Code    20  citysensorhw.o(i.EnableCitySensorInts)
    EnableIRInts                             0x00001245   Thumb Code    30  irsensorhw.o(i.EnableIRInts)
    EnableLineFollowInts                     0x00001265   Thumb Code    12  project_motorservice.o(i.EnableLineFollowInts)
    GPIODirModeSet                           0x00001275   Thumb Code    40  gpio.o(i.GPIODirModeSet)
    GPIOPadConfigSet                         0x0000129d   Thumb Code   312  gpio.o(i.GPIOPadConfigSet)
    GPIOPinConfigure                         0x000013d5   Thumb Code    60  gpio.o(i.GPIOPinConfigure)
    GPIOPinTypeGPIOInput                     0x00001419   Thumb Code    28  gpio.o(i.GPIOPinTypeGPIOInput)
    GPIOPinTypeUART                          0x00001435   Thumb Code    28  gpio.o(i.GPIOPinTypeUART)
    GetBallCount                             0x00001451   Thumb Code     6  atcityshootsm.o(i.GetBallCount)
    GetCityPeriodUS                          0x0000145d   Thumb Code    14  citysensorhw.o(i.GetCityPeriodUS)
    GetCityShootStatus                       0x00001471   Thumb Code     6  atcityshootsm.o(i.GetCityShootStatus)
    GetLineReading                           0x0000147d   Thumb Code     8  linesensorshw.o(i.GetLineReading)
    GetPACMsg                                0x00001489   Thumb Code     6  paccommsm.o(i.GetPACMsg)
    GetRPM0                                  0x00001495   Thumb Code    24  project_motorservice.o(i.GetRPM0)
    GetRPM1                                  0x000014b5   Thumb Code    24  project_motorservice.o(i.GetRPM1)
    GetTeamColor                             0x000014d5   Thumb Code     6  botsm_1.o(i.GetTeamColor)
    GetTimeLeft                              0x000014e1   Thumb Code    48  gametimersm.o(i.GetTimeLeft)
    HardwareInit                             0x00001515   Thumb Code    42  mastersm.o(i.HardwareInit)
    IRIntHandler                             0x00001541   Thumb Code    90  irsensorhw.o(i.IRIntHandler)
    IRTOIntHandler                           0x000015a9   Thumb Code    16  irsensorhw.o(i.IRTOIntHandler)
    InitCAMMotorHW                           0x000015c5   Thumb Code    54  cammotorhw.o(i.InitCAMMotorHW)
    InitCitySensorHW                         0x00001611   Thumb Code   184  citysensorhw.o(i.InitCitySensorHW)
    InitControllerInterrupt                  0x000016e1   Thumb Code   110  project_motorservice.o(i.InitControllerInterrupt)
    InitEncoderInterrupt                     0x00001761   Thumb Code   292  project_motorservice.o(i.InitEncoderInterrupt)
    InitEventPrinter                         0x0000189d   Thumb Code     8  eventprinter.o(i.InitEventPrinter)
    InitIRSensorHW                           0x000018a9   Thumb Code   186  irsensorhw.o(i.InitIRSensorHW)
    InitLEDsHW                               0x0000197d   Thumb Code    54  ledshw.o(i.InitLEDsHW)
    InitLineSensorsHW                        0x000019c9   Thumb Code    72  linesensorshw.o(i.InitLineSensorsHW)
    InitMapKeys                              0x00001a15   Thumb Code     8  mapkeys.o(i.InitMapKeys)
    InitMasterSM                             0x00001a21   Thumb Code    22  mastersm.o(i.InitMasterSM)
    InitMotorService                         0x00001a3d   Thumb Code    88  project_motorservice.o(i.InitMotorService)
    InitPeriodicEventCheckerService          0x00001abd   Thumb Code    54  periodiceventcheckerservice.o(i.InitPeriodicEventCheckerService)
    InitSSIHW                                0x00001af9   Thumb Code   210  ssihw.o(i.InitSSIHW)
    InitSwitchesHW                           0x00001c05   Thumb Code   116  switcheshw.o(i.InitSwitchesHW)
    InitTeamColorSwitchHW                    0x00001c91   Thumb Code    64  teamcolorswitchhw.o(i.InitTeamColorSwitchHW)
    InputCaptureResponse0                    0x00001ce1   Thumb Code    42  project_motorservice.o(i.InputCaptureResponse0)
    InputCaptureResponse1                    0x00001d19   Thumb Code    38  project_motorservice.o(i.InputCaptureResponse1)
    IntMasterEnable                          0x00001d4d   Thumb Code    14  interrupt.o(i.IntMasterEnable)
    OnLineMotorSpeedsInterrupt               0x00001d5d   Thumb Code   140  project_motorservice.o(i.OnLineMotorSpeedsInterrupt)
    PWMInit                                  0x00001e05   Thumb Code   146  project_pwmlab.o(i.PWMInit)
    PortFunctionInit                         0x00001eb5   Thumb Code   132  enablepa25_pb23_pd7_pf0.o(i.PortFunctionInit)
    PostEventPrinter                         0x00001f55   Thumb Code    20  eventprinter.o(i.PostEventPrinter)
    PostMapKeys                              0x00001f6d   Thumb Code    10  mapkeys.o(i.PostMapKeys)
    PostMasterSM                             0x00001f7d   Thumb Code    10  mastersm.o(i.PostMasterSM)
    PostMotorService                         0x00001f8d   Thumb Code    10  project_motorservice.o(i.PostMotorService)
    PostPeriodicEventCheckerService          0x00001f9d   Thumb Code    14  periodiceventcheckerservice.o(i.PostPeriodicEventCheckerService)
    PrintRPM                                 0x00001fe1   Thumb Code    40  project_motorservice.o(i.PrintRPM)
    QueryAtCityCommSM                        0x00002011   Thumb Code     6  atcitycommsm.o(i.QueryAtCityCommSM)
    QueryAtCityShootSM                       0x0000201d   Thumb Code     6  atcityshootsm.o(i.QueryAtCityShootSM)
    QueryBotSM                               0x00002029   Thumb Code     6  botsm_1.o(i.QueryBotSM)
    QueryFindingCityNavSM                    0x00002035   Thumb Code     6  findingcitynavsm.o(i.QueryFindingCityNavSM)
    QueryGameTimerSM                         0x00002041   Thumb Code     6  gametimersm.o(i.QueryGameTimerSM)
    QueryPACCommSM                           0x0000204d   Thumb Code     6  paccommsm.o(i.QueryPACCommSM)
    ReadSSI                                  0x00002059   Thumb Code    12  ssihw.o(i.ReadSSI)
    ReadSwitch                               0x0000206d   Thumb Code    66  switcheshw.o(i.ReadSwitch)
    ReadTeamColor                            0x000020b9   Thumb Code    16  teamcolorswitchhw.o(i.ReadTeamColor)
    ReportAllStates                          0x000020cd   Thumb Code   242  mapkeys.o(i.ReportAllStates)
    ResetBallCounter                         0x0000239d   Thumb Code     8  atcityshootsm.o(i.ResetBallCounter)
    RunAtCityCommSM                          0x000023a9   Thumb Code   396  atcitycommsm.o(i.RunAtCityCommSM)
    RunAtCityShootSM                         0x000025cd   Thumb Code   346  atcityshootsm.o(i.RunAtCityShootSM)
    RunBotSM                                 0x00002765   Thumb Code   386  botsm_1.o(i.RunBotSM)
    RunEventPrinter                          0x00002909   Thumb Code   156  eventprinter.o(i.RunEventPrinter)
    RunFindingCityNavSM                      0x00002c65   Thumb Code   338  findingcitynavsm.o(i.RunFindingCityNavSM)
    RunGameTimerSM                           0x00002dc1   Thumb Code   158  gametimersm.o(i.RunGameTimerSM)
    RunMapKeys                               0x00002e69   Thumb Code   190  mapkeys.o(i.RunMapKeys)
    RunMasterSM                              0x00002f3d   Thumb Code    64  mastersm.o(i.RunMasterSM)
    RunMotorService                          0x00002f81   Thumb Code    36  project_motorservice.o(i.RunMotorService)
    RunPACCommSM                             0x00002fa9   Thumb Code   192  paccommsm.o(i.RunPACCommSM)
    RunPeriodicEventCheckerService           0x00003071   Thumb Code    74  periodiceventcheckerservice.o(i.RunPeriodicEventCheckerService)
    SSIHWEOTIntHandler                       0x000030c1   Thumb Code    36  ssihw.o(i.SSIHWEOTIntHandler)
    SetCAMMotorOff                           0x000030e9   Thumb Code    16  cammotorhw.o(i.SetCAMMotorOff)
    SetCAMMotorOn                            0x000030fd   Thumb Code    16  cammotorhw.o(i.SetCAMMotorOn)
    SetLEDOff                                0x00003111   Thumb Code    46  ledshw.o(i.SetLEDOff)
    SetLEDOn                                 0x00003145   Thumb Code    46  ledshw.o(i.SetLEDOn)
    SetMotorDutyCycles                       0x00003179   Thumb Code    52  project_motorservice.o(i.SetMotorDutyCycles)
    SetShouldShootList                       0x000031ad   Thumb Code    40  atcityshootsm.o(i.SetShouldShootList)
    SetTargetBasedOnMyTeam                   0x000031dd   Thumb Code    38  irsensorhw.o(i.SetTargetBasedOnMyTeam)
    StartAtCityCommSM                        0x00003241   Thumb Code    18  atcitycommsm.o(i.StartAtCityCommSM)
    StartAtCityShootSM                       0x00003259   Thumb Code    16  atcityshootsm.o(i.StartAtCityShootSM)
    StartBotSM                               0x0000326d   Thumb Code    18  botsm_1.o(i.StartBotSM)
    StartFindingCityNavSM                    0x00003285   Thumb Code    16  findingcitynavsm.o(i.StartFindingCityNavSM)
    StartGameTimerSM                         0x00003299   Thumb Code    16  gametimersm.o(i.StartGameTimerSM)
    StartMasterSM                            0x000032ad   Thumb Code    10  mastersm.o(i.StartMasterSM)
    StartPACCommSM                           0x000032bd   Thumb Code    16  paccommsm.o(i.StartPACCommSM)
    SysCtlClockSet                           0x000032d1   Thumb Code   270  sysctl.o(i.SysCtlClockSet)
    SysCtlPeripheralEnable                   0x000033f1   Thumb Code    36  sysctl.o(i.SysCtlPeripheralEnable)
    SysTickEnable                            0x00003419   Thumb Code    14  systick.o(i.SysTickEnable)
    SysTickIntEnable                         0x00003427   Thumb Code    14  systick.o(i.SysTickIntEnable)
    SysTickIntHandler                        0x00003435   Thumb Code    16  es_port.o(i.SysTickIntHandler)
    SysTickPeriodSet                         0x00003449   Thumb Code    10  systick.o(i.SysTickPeriodSet)
    TERMIO_GetChar                           0x00003453   Thumb Code     4  termio.o(i.TERMIO_GetChar)
    TERMIO_Init                              0x00003459   Thumb Code    62  termio.o(i.TERMIO_Init)
    TERMIO_PutChar                           0x000034a9   Thumb Code     8  termio.o(i.TERMIO_PutChar)
    TimeoutResponse0                         0x000034b5   Thumb Code    16  project_motorservice.o(i.TimeoutResponse0)
    TimeoutResponse1                         0x000034d1   Thumb Code    16  project_motorservice.o(i.TimeoutResponse1)
    TransmitSSI                              0x000034ed   Thumb Code    22  ssihw.o(i.TransmitSSI)
    UARTCharPut                              0x00003509   Thumb Code    12  uart.o(i.UARTCharPut)
    UARTClockSourceSet                       0x00003515   Thumb Code     6  uart.o(i.UARTClockSourceSet)
    UARTStdioConfig                          0x0000351d   Thumb Code    82  uartstdio.o(i.UARTStdioConfig)
    UARTgetc                                 0x00003579   Thumb Code    20  uartstdio.o(i.UARTgetc)
    UpdateAllLineReadings                    0x00003591   Thumb Code    30  linesensorshw.o(i.UpdateAllLineReadings)
    _HW_GetTickCount                         0x000035b9   Thumb Code     6  es_port.o(i._HW_GetTickCount)
    _HW_Process_Pending_Ints                 0x000035c5   Thumb Code    26  es_port.o(i._HW_Process_Pending_Ints)
    _HW_Timer_Init                           0x000035e5   Thumb Code    22  es_port.o(i._HW_Timer_Init)
    _is_digit                                0x000035fb   Thumb Code    14  __printf_wp.o(i._is_digit)
    _sys_exit                                0x00003609   Thumb Code     2  retarget.o(i._sys_exit)
    ferror                                   0x0000360b   Thumb Code     6  retarget.o(i.ferror)
    fgetc                                    0x00003611   Thumb Code     4  retarget.o(i.fgetc)
    fputc                                    0x00003615   Thumb Code    14  retarget.o(i.fputc)
    kbhit                                    0x00003625   Thumb Code    16  termio.o(i.kbhit)
    main                                     0x00003639   Thumb Code    92  hsmtemplatemain.o(i.main)
    setDuty                                  0x00003781   Thumb Code   148  project_pwmlab.o(i.setDuty)
    _get_lc_ctype                            0x0000381d   Thumb Code    44  lc_ctype_c.o(locale$$code)
    __aeabi_d2f                              0x00003849   Thumb Code     0  d2f.o(x$fpl$d2f)
    _d2f                                     0x00003849   Thumb Code    98  d2f.o(x$fpl$d2f)
    __aeabi_dadd                             0x000038ad   Thumb Code     0  daddsub_clz.o(x$fpl$dadd)
    _dadd                                    0x000038ad   Thumb Code   332  daddsub_clz.o(x$fpl$dadd)
    __aeabi_i2d                              0x000039fd   Thumb Code     0  dflt_clz.o(x$fpl$dflt)
    _dflt                                    0x000039fd   Thumb Code    46  dflt_clz.o(x$fpl$dflt)
    __aeabi_dmul                             0x00003a2d   Thumb Code     0  dmul.o(x$fpl$dmul)
    _dmul                                    0x00003a2d   Thumb Code   332  dmul.o(x$fpl$dmul)
    __fpl_dnaninf                            0x00003b81   Thumb Code   156  dnaninf.o(x$fpl$dnaninf)
    __fpl_dretinf                            0x00003c1d   Thumb Code    12  dretinf.o(x$fpl$dretinf)
    __aeabi_dsub                             0x00003c29   Thumb Code     0  daddsub_clz.o(x$fpl$dsub)
    _dsub                                    0x00003c29   Thumb Code   464  daddsub_clz.o(x$fpl$dsub)
    __aeabi_f2d                              0x00003dfd   Thumb Code     0  f2d.o(x$fpl$f2d)
    _f2d                                     0x00003dfd   Thumb Code    86  f2d.o(x$fpl$f2d)
    __fpl_fnaninf                            0x00003e53   Thumb Code   140  fnaninf.o(x$fpl$fnaninf)
    _fp_init                                 0x00003edf   Thumb Code    10  fpinit.o(x$fpl$fpinit)
    __fplib_config_fpu_vfp                   0x00003ee7   Thumb Code     0  fpinit.o(x$fpl$fpinit)
    __fplib_config_pureend_doubles           0x00003ee7   Thumb Code     0  fpinit.o(x$fpl$fpinit)
    __fpl_fretinf                            0x00003ee9   Thumb Code    10  fretinf.o(x$fpl$fretinf)
    __I$use$fp                               0x00003ef2   Number         0  usenofp.o(x$fpl$usenofp)
    BitNum2SetMask                           0x00003f90   Data          32  es_lookuptables.o(.constdata)
    Nybble2MSBitNum                          0x00003fb0   Data          15  es_lookuptables.o(.constdata)
    Region$$Table$$Base                      0x00004358   Number         0  anon$$obj.o(Region$$Table)
    Region$$Table$$Limit                     0x00004378   Number         0  anon$$obj.o(Region$$Table)
    __ctype                                  0x00004385   Data           0  lc_ctype_c.o(locale$$data)
    findCityCounter                          0x20000004   Data           1  citysensorhw.o(.data)
    lastByte                                 0x20000044   Data           1  ssihw.o(.data)
    Ready                                    0x200000a2   Data           2  es_framework.o(.data)
    _PRIMASK_temp                            0x200000ac   Data           4  es_queue.o(.data)
    __stdout                                 0x200000bc   Data           4  retarget.o(.data)
    __stdin                                  0x200000c0   Data           4  retarget.o(.data)
    __libspace_start                         0x20000154   Data          96  libspace.o(.bss)
    __temporary_stack_top$libspace           0x200001b4   Data           0  libspace.o(.bss)



==============================================================================

Memory Map of the image

  Image Entry point : 0x0000026d

  Load Region LR_IROM1 (Base: 0x00000000, Size: 0x00004554, Max: 0x00040000, ABSOLUTE)

    Execution Region ER_IROM1 (Base: 0x00000000, Size: 0x00004488, Max: 0x00040000, ABSOLUTE)

    Base Addr    Size         Type   Attr      Idx    E Section Name        Object

    0x00000000   0x00000288   Code   RO         1068  * RESET               startup_rvmdk.o
    0x00000288   0x00000008   Code   RO         2709  * !!!main             c_w.l(__main.o)
    0x00000290   0x00000034   Code   RO         2910    !!!scatter          c_w.l(__scatter.o)
    0x000002c4   0x0000001a   Code   RO         2912    !!handler_copy      c_w.l(__scatter_copy.o)
    0x000002de   0x00000002   PAD
    0x000002e0   0x0000001c   Code   RO         2914    !!handler_zi        c_w.l(__scatter_zi.o)
    0x000002fc   0x00000000   Code   RO         2702    .ARM.Collect$$_printf_percent$$00000000  c_w.l(_printf_percent.o)
    0x000002fc   0x00000006   Code   RO         2701    .ARM.Collect$$_printf_percent$$00000009  c_w.l(_printf_d.o)
    0x00000302   0x00000006   Code   RO         2700    .ARM.Collect$$_printf_percent$$0000000C  c_w.l(_printf_x.o)
    0x00000308   0x00000006   Code   RO         2698    .ARM.Collect$$_printf_percent$$00000013  c_w.l(_printf_c.o)
    0x0000030e   0x00000006   Code   RO         2699    .ARM.Collect$$_printf_percent$$00000014  c_w.l(_printf_s.o)
    0x00000314   0x00000004   Code   RO         2738    .ARM.Collect$$_printf_percent$$00000017  c_w.l(_printf_percent_end.o)
    0x00000318   0x00000002   Code   RO         2789    .ARM.Collect$$libinit$$00000000  c_w.l(libinit.o)
    0x0000031a   0x00000004   Code   RO         2790    .ARM.Collect$$libinit$$00000001  c_w.l(libinit2.o)
    0x0000031e   0x00000000   Code   RO         2793    .ARM.Collect$$libinit$$00000004  c_w.l(libinit2.o)
    0x0000031e   0x00000000   Code   RO         2796    .ARM.Collect$$libinit$$0000000A  c_w.l(libinit2.o)
    0x0000031e   0x00000000   Code   RO         2798    .ARM.Collect$$libinit$$0000000C  c_w.l(libinit2.o)
    0x0000031e   0x00000000   Code   RO         2800    .ARM.Collect$$libinit$$0000000E  c_w.l(libinit2.o)
    0x0000031e   0x00000006   Code   RO         2801    .ARM.Collect$$libinit$$0000000F  c_w.l(libinit2.o)
    0x00000324   0x00000000   Code   RO         2803    .ARM.Collect$$libinit$$00000011  c_w.l(libinit2.o)
    0x00000324   0x0000000c   Code   RO         2804    .ARM.Collect$$libinit$$00000012  c_w.l(libinit2.o)
    0x00000330   0x00000000   Code   RO         2805    .ARM.Collect$$libinit$$00000013  c_w.l(libinit2.o)
    0x00000330   0x00000000   Code   RO         2807    .ARM.Collect$$libinit$$00000015  c_w.l(libinit2.o)
    0x00000330   0x00000000   Code   RO         2809    .ARM.Collect$$libinit$$00000017  c_w.l(libinit2.o)
    0x00000330   0x00000000   Code   RO         2811    .ARM.Collect$$libinit$$00000019  c_w.l(libinit2.o)
    0x00000330   0x00000000   Code   RO         2813    .ARM.Collect$$libinit$$0000001B  c_w.l(libinit2.o)
    0x00000330   0x00000000   Code   RO         2815    .ARM.Collect$$libinit$$0000001D  c_w.l(libinit2.o)
    0x00000330   0x00000000   Code   RO         2817    .ARM.Collect$$libinit$$0000001F  c_w.l(libinit2.o)
    0x00000330   0x00000000   Code   RO         2819    .ARM.Collect$$libinit$$00000021  c_w.l(libinit2.o)
    0x00000330   0x00000000   Code   RO         2821    .ARM.Collect$$libinit$$00000023  c_w.l(libinit2.o)
    0x00000330   0x00000000   Code   RO         2823    .ARM.Collect$$libinit$$00000025  c_w.l(libinit2.o)
    0x00000330   0x00000000   Code   RO         2827    .ARM.Collect$$libinit$$0000002C  c_w.l(libinit2.o)
    0x00000330   0x00000000   Code   RO         2829    .ARM.Collect$$libinit$$0000002E  c_w.l(libinit2.o)
    0x00000330   0x00000000   Code   RO         2831    .ARM.Collect$$libinit$$00000030  c_w.l(libinit2.o)
    0x00000330   0x00000000   Code   RO         2833    .ARM.Collect$$libinit$$00000032  c_w.l(libinit2.o)
    0x00000330   0x00000002   Code   RO         2834    .ARM.Collect$$libinit$$00000033  c_w.l(libinit2.o)
    0x00000332   0x00000002   Code   RO         2862    .ARM.Collect$$libshutdown$$00000000  c_w.l(libshutdown.o)
    0x00000334   0x00000000   Code   RO         2871    .ARM.Collect$$libshutdown$$00000002  c_w.l(libshutdown2.o)
    0x00000334   0x00000000   Code   RO         2873    .ARM.Collect$$libshutdown$$00000004  c_w.l(libshutdown2.o)
    0x00000334   0x00000000   Code   RO         2876    .ARM.Collect$$libshutdown$$00000007  c_w.l(libshutdown2.o)
    0x00000334   0x00000000   Code   RO         2879    .ARM.Collect$$libshutdown$$0000000A  c_w.l(libshutdown2.o)
    0x00000334   0x00000000   Code   RO         2881    .ARM.Collect$$libshutdown$$0000000C  c_w.l(libshutdown2.o)
    0x00000334   0x00000000   Code   RO         2884    .ARM.Collect$$libshutdown$$0000000F  c_w.l(libshutdown2.o)
    0x00000334   0x00000002   Code   RO         2885    .ARM.Collect$$libshutdown$$00000010  c_w.l(libshutdown2.o)
    0x00000336   0x00000000   Code   RO         2729    .ARM.Collect$$rtentry$$00000000  c_w.l(__rtentry.o)
    0x00000336   0x00000000   Code   RO         2749    .ARM.Collect$$rtentry$$00000002  c_w.l(__rtentry2.o)
    0x00000336   0x00000006   Code   RO         2761    .ARM.Collect$$rtentry$$00000004  c_w.l(__rtentry4.o)
    0x0000033c   0x00000000   Code   RO         2751    .ARM.Collect$$rtentry$$00000009  c_w.l(__rtentry2.o)
    0x0000033c   0x00000004   Code   RO         2752    .ARM.Collect$$rtentry$$0000000A  c_w.l(__rtentry2.o)
    0x00000340   0x00000000   Code   RO         2754    .ARM.Collect$$rtentry$$0000000C  c_w.l(__rtentry2.o)
    0x00000340   0x00000008   Code   RO         2755    .ARM.Collect$$rtentry$$0000000D  c_w.l(__rtentry2.o)
    0x00000348   0x00000002   Code   RO         2835    .ARM.Collect$$rtexit$$00000000  c_w.l(rtexit.o)
    0x0000034a   0x00000000   Code   RO         2842    .ARM.Collect$$rtexit$$00000002  c_w.l(rtexit2.o)
    0x0000034a   0x00000004   Code   RO         2843    .ARM.Collect$$rtexit$$00000003  c_w.l(rtexit2.o)
    0x0000034e   0x00000006   Code   RO         2844    .ARM.Collect$$rtexit$$00000004  c_w.l(rtexit2.o)
    0x00000354   0x00000006   Code   RO         1929    .emb_text           driverlib.lib(sysctl.o)
    0x0000035a   0x00000002   PAD
    0x0000035c   0x00000026   Code   RO         2629    .emb_text           driverlib.lib(cpu.o)
    0x00000382   0x00000002   PAD
    0x00000384   0x00000018   Code   RO         1069    .text               startup_rvmdk.o
    0x0000039c   0x00000002   Code   RO         2641    .text               c_w.l(use_no_semi.o)
    0x0000039e   0x0000001e   Code   RO         2643    .text               c_w.l(toupper.o)
    0x000003bc   0x00000018   Code   RO         2647    .text               c_w.l(noretval__2printf.o)
    0x000003d4   0x0000004e   Code   RO         2651    .text               c_w.l(_printf_pad.o)
    0x00000422   0x00000052   Code   RO         2653    .text               c_w.l(_printf_str.o)
    0x00000474   0x00000078   Code   RO         2655    .text               c_w.l(_printf_dec.o)
    0x000004ec   0x00000058   Code   RO         2660    .text               c_w.l(_printf_hex_int.o)
    0x00000544   0x00000138   Code   RO         2690    .text               c_w.l(__printf_flags_wp.o)
    0x0000067c   0x00000004   Code   RO         2703    .text               c_w.l(getc.o)
    0x00000680   0x0000002c   Code   RO         2705    .text               c_w.l(puts.o)
    0x000006ac   0x00000006   Code   RO         2707    .text               c_w.l(heapauxi.o)
    0x000006b2   0x00000002   PAD
    0x000006b4   0x00000010   Code   RO         2730    .text               c_w.l(rt_ctype_table.o)
    0x000006c4   0x000000b2   Code   RO         2732    .text               c_w.l(_printf_intcommon.o)
    0x00000776   0x0000002c   Code   RO         2734    .text               c_w.l(_printf_char.o)
    0x000007a2   0x00000002   PAD
    0x000007a4   0x00000024   Code   RO         2736    .text               c_w.l(_printf_char_file.o)
    0x000007c8   0x00000008   Code   RO         2766    .text               c_w.l(rt_locale_intlibspace.o)
    0x000007d0   0x00000030   Code   RO         2768    .text               c_w.l(_printf_char_common.o)
    0x00000800   0x00000008   Code   RO         2773    .text               c_w.l(libspace.o)
    0x00000808   0x0000004a   Code   RO         2776    .text               c_w.l(sys_stackheap_outer.o)
    0x00000852   0x00000012   Code   RO         2780    .text               c_w.l(exit.o)
    0x00000864   0x00000080   Code   RO         2782    .text               c_w.l(strcmpv7m.o)
    0x000008e4   0x000000c8   Code   RO          110    i.ADC_MultiInit     admulti.o
    0x000009ac   0x00000038   Code   RO          111    i.ADC_MultiRead     admulti.o
    0x000009e4   0x00000008   Code   RO         1201    i.CPUgetPRIMASK_cpsid  es_port.o
    0x000009ec   0x00000006   Code   RO         1207    i.CPUsetPRIMASK     es_port.o
    0x000009f2   0x00000002   PAD
    0x000009f4   0x00000058   Code   RO          366    i.Check4CenterOnBlackLine  linesensorshw.o
    0x00000a4c   0x0000001c   Code   RO          578    i.Check4GameOver    gametimersm.o
    0x00000a68   0x0000002c   Code   RO           77    i.Check4Keystroke   eventcheckers.o
    0x00000a94   0x0000003c   Code   RO          368    i.Check4LineAligned  linesensorshw.o
    0x00000ad0   0x0000006c   Code   RO          995    i.Check4SwitchChange  periodiceventcheckerservice.o
    0x00000b3c   0x00000064   Code   RO          146    i.CityIntHandler    citysensorhw.o
    0x00000ba0   0x0000001c   Code   RO          147    i.CityTOIntHandler  citysensorhw.o
    0x00000bbc   0x0000000c   Code   RO          148    i.ClearFindCityCounter  citysensorhw.o
    0x00000bc8   0x00000010   Code   RO          369    i.ClearLineSensorReadings  linesensorshw.o
    0x00000bd8   0x000000a8   Code   RO          849    i.ControllerInterruptResponse  project_motorservice.o
    0x00000c80   0x000000ae   Code   RO          650    i.ConvertToFreqCode  atcitycommsm.o
    0x00000d2e   0x00000002   PAD
    0x00000d30   0x0000002c   Code   RO          149    i.DisableCitySensorInts  citysensorhw.o
    0x00000d5c   0x0000001e   Code   RO          277    i.DisableIRInts     irsensorhw.o
    0x00000d7a   0x00000002   PAD
    0x00000d7c   0x00000010   Code   RO          850    i.DisableLineFollowInts  project_motorservice.o
    0x00000d8c   0x000000ac   Code   RO          651    i.DuringAtCityRequesting  atcitycommsm.o
    0x00000e38   0x000000b4   Code   RO          534    i.DuringBotIdle     botsm_1.o
    0x00000eec   0x00000060   Code   RO          817    i.DuringRotatingOnLine  findingcitynavsm.o
    0x00000f4c   0x00000028   Code   RO         1075    i.ES_CheckUserEvents  es_checkevents.o
    0x00000f74   0x00000054   Code   RO         1254    i.ES_DeQueue        es_queue.o
    0x00000fc8   0x00000048   Code   RO         1255    i.ES_EnQueueFIFO    es_queue.o
    0x00001010   0x00000034   Code   RO         1150    i.ES_GetMSBitSet    es_lookuptables.o
    0x00001044   0x00000010   Code   RO         1257    i.ES_InitQueue      es_queue.o
    0x00001054   0x0000004c   Code   RO         1101    i.ES_Initialize     es_framework.o
    0x000010a0   0x00000010   Code   RO         1224    i.ES_PostList01     es_postlist.o
    0x000010b0   0x00000010   Code   RO         1225    i.ES_PostList02     es_postlist.o
    0x000010c0   0x00000038   Code   RO         1103    i.ES_PostToService  es_framework.o
    0x000010f8   0x00000060   Code   RO         1105    i.ES_Run            es_framework.o
    0x00001158   0x00000004   Code   RO         1296    i.ES_Timer_GetTime  es_timers.o
    0x0000115c   0x00000004   Code   RO         1297    i.ES_Timer_Init     es_timers.o
    0x00001160   0x0000003c   Code   RO         1298    i.ES_Timer_InitTimer  es_timers.o
    0x0000119c   0x00000024   Code   RO         1301    i.ES_Timer_StopTimer  es_timers.o
    0x000011c0   0x0000006c   Code   RO         1302    i.ES_Timer_Tick_Resp  es_timers.o
    0x0000122c   0x00000018   Code   RO          150    i.EnableCitySensorInts  citysensorhw.o
    0x00001244   0x0000001e   Code   RO          278    i.EnableIRInts      irsensorhw.o
    0x00001262   0x00000002   PAD
    0x00001264   0x00000010   Code   RO          851    i.EnableLineFollowInts  project_motorservice.o
    0x00001274   0x00000028   Code   RO         1504    i.GPIODirModeSet    driverlib.lib(gpio.o)
    0x0000129c   0x00000138   Code   RO         1514    i.GPIOPadConfigSet  driverlib.lib(gpio.o)
    0x000013d4   0x00000044   Code   RO         1515    i.GPIOPinConfigure  driverlib.lib(gpio.o)
    0x00001418   0x0000001c   Code   RO         1525    i.GPIOPinTypeGPIOInput  driverlib.lib(gpio.o)
    0x00001434   0x0000001c   Code   RO         1538    i.GPIOPinTypeUART   driverlib.lib(gpio.o)
    0x00001450   0x0000000c   Code   RO          765    i.GetBallCount      atcityshootsm.o
    0x0000145c   0x00000014   Code   RO          152    i.GetCityPeriodUS   citysensorhw.o
    0x00001470   0x0000000c   Code   RO          766    i.GetCityShootStatus  atcityshootsm.o
    0x0000147c   0x0000000c   Code   RO          371    i.GetLineReading    linesensorshw.o
    0x00001488   0x0000000c   Code   RO          617    i.GetPACMsg         paccommsm.o
    0x00001494   0x00000020   Code   RO          852    i.GetRPM0           project_motorservice.o
    0x000014b4   0x00000020   Code   RO          853    i.GetRPM1           project_motorservice.o
    0x000014d4   0x0000000c   Code   RO          535    i.GetTeamColor      botsm_1.o
    0x000014e0   0x00000034   Code   RO          579    i.GetTimeLeft       gametimersm.o
    0x00001514   0x0000002a   Code   RO          429    i.HardwareInit      mastersm.o
    0x0000153e   0x00000002   PAD
    0x00001540   0x00000068   Code   RO          281    i.IRIntHandler      irsensorhw.o
    0x000015a8   0x0000001c   Code   RO          282    i.IRTOIntHandler    irsensorhw.o
    0x000015c4   0x0000004c   Code   RO          688    i.InitCAMMotorHW    cammotorhw.o
    0x00001610   0x000000d0   Code   RO          153    i.InitCitySensorHW  citysensorhw.o
    0x000016e0   0x00000080   Code   RO          854    i.InitControllerInterrupt  project_motorservice.o
    0x00001760   0x0000013c   Code   RO          855    i.InitEncoderInterrupt  project_motorservice.o
    0x0000189c   0x0000000c   Code   RO          242    i.InitEventPrinter  eventprinter.o
    0x000018a8   0x000000d4   Code   RO          283    i.InitIRSensorHW    irsensorhw.o
    0x0000197c   0x0000004c   Code   RO          333    i.InitLEDsHW        ledshw.o
    0x000019c8   0x0000004c   Code   RO          372    i.InitLineSensorsHW  linesensorshw.o
    0x00001a14   0x0000000c   Code   RO          730    i.InitMapKeys       mapkeys.o
    0x00001a20   0x0000001c   Code   RO          430    i.InitMasterSM      mastersm.o
    0x00001a3c   0x00000080   Code   RO          856    i.InitMotorService  project_motorservice.o
    0x00001abc   0x0000003c   Code   RO          997    i.InitPeriodicEventCheckerService  periodiceventcheckerservice.o
    0x00001af8   0x0000010c   Code   RO          480    i.InitSSIHW         ssihw.o
    0x00001c04   0x0000008c   Code   RO          712    i.InitSwitchesHW    switcheshw.o
    0x00001c90   0x00000050   Code   RO          516    i.InitTeamColorSwitchHW  teamcolorswitchhw.o
    0x00001ce0   0x00000038   Code   RO          857    i.InputCaptureResponse0  project_motorservice.o
    0x00001d18   0x00000034   Code   RO          858    i.InputCaptureResponse1  project_motorservice.o
    0x00001d4c   0x0000000e   Code   RO         1817    i.IntMasterEnable   driverlib.lib(interrupt.o)
    0x00001d5a   0x00000002   PAD
    0x00001d5c   0x000000a8   Code   RO          859    i.OnLineMotorSpeedsInterrupt  project_motorservice.o
    0x00001e04   0x000000b0   Code   RO          971    i.PWMInit           project_pwmlab.o
    0x00001eb4   0x000000a0   Code   RO          227    i.PortFunctionInit  enablepa25_pb23_pd7_pf0.o
    0x00001f54   0x00000018   Code   RO          243    i.PostEventPrinter  eventprinter.o
    0x00001f6c   0x00000010   Code   RO          731    i.PostMapKeys       mapkeys.o
    0x00001f7c   0x00000010   Code   RO          431    i.PostMasterSM      mastersm.o
    0x00001f8c   0x00000010   Code   RO          860    i.PostMotorService  project_motorservice.o
    0x00001f9c   0x00000014   Code   RO          998    i.PostPeriodicEventCheckerService  periodiceventcheckerservice.o
    0x00001fb0   0x0000002e   Code   RO         1226    i.PostToList        es_postlist.o
    0x00001fde   0x00000002   PAD
    0x00001fe0   0x00000030   Code   RO          861    i.PrintRPM          project_motorservice.o
    0x00002010   0x0000000c   Code   RO          652    i.QueryAtCityCommSM  atcitycommsm.o
    0x0000201c   0x0000000c   Code   RO          767    i.QueryAtCityShootSM  atcityshootsm.o
    0x00002028   0x0000000c   Code   RO          536    i.QueryBotSM        botsm_1.o
    0x00002034   0x0000000c   Code   RO          818    i.QueryFindingCityNavSM  findingcitynavsm.o
    0x00002040   0x0000000c   Code   RO          580    i.QueryGameTimerSM  gametimersm.o
    0x0000204c   0x0000000c   Code   RO          618    i.QueryPACCommSM    paccommsm.o
    0x00002058   0x00000014   Code   RO          481    i.ReadSSI           ssihw.o
    0x0000206c   0x0000004c   Code   RO          713    i.ReadSwitch        switcheshw.o
    0x000020b8   0x00000014   Code   RO          517    i.ReadTeamColor     teamcolorswitchhw.o
    0x000020cc   0x000002d0   Code   RO          732    i.ReportAllStates   mapkeys.o
    0x0000239c   0x0000000c   Code   RO          768    i.ResetBallCounter  atcityshootsm.o
    0x000023a8   0x00000224   Code   RO          653    i.RunAtCityCommSM   atcitycommsm.o
    0x000025cc   0x00000198   Code   RO          769    i.RunAtCityShootSM  atcityshootsm.o
    0x00002764   0x000001a4   Code   RO          537    i.RunBotSM          botsm_1.o
    0x00002908   0x0000035c   Code   RO          244    i.RunEventPrinter   eventprinter.o
    0x00002c64   0x0000015c   Code   RO          819    i.RunFindingCityNavSM  findingcitynavsm.o
    0x00002dc0   0x000000a8   Code   RO          581    i.RunGameTimerSM    gametimersm.o
    0x00002e68   0x000000d4   Code   RO          733    i.RunMapKeys        mapkeys.o
    0x00002f3c   0x00000044   Code   RO          432    i.RunMasterSM       mastersm.o
    0x00002f80   0x00000028   Code   RO          862    i.RunMotorService   project_motorservice.o
    0x00002fa8   0x000000c8   Code   RO          619    i.RunPACCommSM      paccommsm.o
    0x00003070   0x00000050   Code   RO          999    i.RunPeriodicEventCheckerService  periodiceventcheckerservice.o
    0x000030c0   0x00000028   Code   RO          482    i.SSIHWEOTIntHandler  ssihw.o
    0x000030e8   0x00000014   Code   RO          689    i.SetCAMMotorOff    cammotorhw.o
    0x000030fc   0x00000014   Code   RO          690    i.SetCAMMotorOn     cammotorhw.o
    0x00003110   0x00000034   Code   RO          334    i.SetLEDOff         ledshw.o
    0x00003144   0x00000034   Code   RO          335    i.SetLEDOn          ledshw.o
    0x00003178   0x00000034   Code   RO          863    i.SetMotorDutyCycles  project_motorservice.o
    0x000031ac   0x00000030   Code   RO          770    i.SetShouldShootList  atcityshootsm.o
    0x000031dc   0x00000064   Code   RO          284    i.SetTargetBasedOnMyTeam  irsensorhw.o
    0x00003240   0x00000018   Code   RO          654    i.StartAtCityCommSM  atcitycommsm.o
    0x00003258   0x00000014   Code   RO          771    i.StartAtCityShootSM  atcityshootsm.o
    0x0000326c   0x00000018   Code   RO          538    i.StartBotSM        botsm_1.o
    0x00003284   0x00000014   Code   RO          820    i.StartFindingCityNavSM  findingcitynavsm.o
    0x00003298   0x00000014   Code   RO          582    i.StartGameTimerSM  gametimersm.o
    0x000032ac   0x00000010   Code   RO          433    i.StartMasterSM     mastersm.o
    0x000032bc   0x00000014   Code   RO          620    i.StartPACCommSM    paccommsm.o
    0x000032d0   0x00000120   Code   RO         1934    i.SysCtlClockSet    driverlib.lib(sysctl.o)
    0x000033f0   0x00000028   Code   RO         1963    i.SysCtlPeripheralEnable  driverlib.lib(sysctl.o)
    0x00003418   0x0000000e   Code   RO         2272    i.SysTickEnable     driverlib.lib(systick.o)
    0x00003426   0x0000000e   Code   RO         2274    i.SysTickIntEnable  driverlib.lib(systick.o)
    0x00003434   0x00000014   Code   RO         1167    i.SysTickIntHandler  es_port.o
    0x00003448   0x0000000a   Code   RO         2278    i.SysTickPeriodSet  driverlib.lib(systick.o)
    0x00003452   0x00000004   Code   RO         1401    i.TERMIO_GetChar    termio.o
    0x00003456   0x00000002   PAD
    0x00003458   0x00000050   Code   RO         1402    i.TERMIO_Init       termio.o
    0x000034a8   0x0000000c   Code   RO         1403    i.TERMIO_PutChar    termio.o
    0x000034b4   0x0000001c   Code   RO          865    i.TimeoutResponse0  project_motorservice.o
    0x000034d0   0x0000001c   Code   RO          866    i.TimeoutResponse1  project_motorservice.o
    0x000034ec   0x0000001c   Code   RO          483    i.TransmitSSI       ssihw.o
    0x00003508   0x0000000c   Code   RO         2342    i.UARTCharPut       driverlib.lib(uart.o)
    0x00003514   0x00000006   Code   RO         2346    i.UARTClockSourceSet  driverlib.lib(uart.o)
    0x0000351a   0x00000002   PAD
    0x0000351c   0x0000005c   Code   RO         1444    i.UARTStdioConfig   uartstdio.o
    0x00003578   0x00000018   Code   RO         1445    i.UARTgetc          uartstdio.o
    0x00003590   0x00000028   Code   RO          373    i.UpdateAllLineReadings  linesensorshw.o
    0x000035b8   0x0000000c   Code   RO         1168    i._HW_GetTickCount  es_port.o
    0x000035c4   0x00000020   Code   RO         1169    i._HW_Process_Pending_Ints  es_port.o
    0x000035e4   0x00000016   Code   RO         1170    i._HW_Timer_Init    es_port.o
    0x000035fa   0x0000000e   Code   RO         2688    i._is_digit         c_w.l(__printf_wp.o)
    0x00003608   0x00000002   Code   RO         1348    i._sys_exit         retarget.o
    0x0000360a   0x00000006   Code   RO         1350    i.ferror            retarget.o
    0x00003610   0x00000004   Code   RO         1351    i.fgetc             retarget.o
    0x00003614   0x0000000e   Code   RO         1352    i.fputc             retarget.o
    0x00003622   0x00000002   PAD
    0x00003624   0x00000014   Code   RO         1404    i.kbhit             termio.o
    0x00003638   0x00000148   Code   RO            1    i.main              hsmtemplatemain.o
    0x00003780   0x0000009c   Code   RO          972    i.setDuty           project_pwmlab.o
    0x0000381c   0x0000002c   Code   RO         2771    locale$$code        c_w.l(lc_ctype_c.o)
    0x00003848   0x00000062   Code   RO         2711    x$fpl$d2f           fz_wm.l(d2f.o)
    0x000038aa   0x00000002   PAD
    0x000038ac   0x00000150   Code   RO         2713    x$fpl$dadd          fz_wm.l(daddsub_clz.o)
    0x000039fc   0x0000002e   Code   RO         2720    x$fpl$dflt          fz_wm.l(dflt_clz.o)
    0x00003a2a   0x00000002   PAD
    0x00003a2c   0x00000154   Code   RO         2725    x$fpl$dmul          fz_wm.l(dmul.o)
    0x00003b80   0x0000009c   Code   RO         2739    x$fpl$dnaninf       fz_wm.l(dnaninf.o)
    0x00003c1c   0x0000000c   Code   RO         2741    x$fpl$dretinf       fz_wm.l(dretinf.o)
    0x00003c28   0x000001d4   Code   RO         2715    x$fpl$dsub          fz_wm.l(daddsub_clz.o)
    0x00003dfc   0x00000056   Code   RO         2727    x$fpl$f2d           fz_wm.l(f2d.o)
    0x00003e52   0x0000008c   Code   RO         2743    x$fpl$fnaninf       fz_wm.l(fnaninf.o)
    0x00003ede   0x0000000a   Code   RO         2839    x$fpl$fpinit        fz_wm.l(fpinit.o)
    0x00003ee8   0x0000000a   Code   RO         2745    x$fpl$fretinf       fz_wm.l(fretinf.o)
    0x00003ef2   0x00000000   Code   RO         2747    x$fpl$usenofp       fz_wm.l(usenofp.o)
    0x00003ef2   0x00000002   PAD
    0x00003ef4   0x00000030   Data   RO          112    .constdata          admulti.o
    0x00003f24   0x00000004   Data   RO          539    .constdata          botsm_1.o
    0x00003f28   0x00000004   Data   RO          583    .constdata          gametimersm.o
    0x00003f2c   0x00000004   Data   RO          621    .constdata          paccommsm.o
    0x00003f30   0x00000004   Data   RO          655    .constdata          atcitycommsm.o
    0x00003f34   0x00000004   Data   RO          773    .constdata          atcityshootsm.o
    0x00003f38   0x00000004   Data   RO          821    .constdata          findingcitynavsm.o
    0x00003f3c   0x00000004   Data   RO         1076    .constdata          es_checkevents.o
    0x00003f40   0x00000050   Data   RO         1111    .constdata          es_framework.o
    0x00003f90   0x00000020   Data   RO         1151    .constdata          es_lookuptables.o
    0x00003fb0   0x0000000f   Data   RO         1152    .constdata          es_lookuptables.o
    0x00003fbf   0x00000001   PAD
    0x00003fc0   0x00000018   Data   RO         1227    .constdata          es_postlist.o
    0x00003fd8   0x00000040   Data   RO         1304    .constdata          es_timers.o
    0x00004018   0x0000001c   Data   RO         1450    .constdata          uartstdio.o
    0x00004034   0x00000210   Data   RO         1545    .constdata          driverlib.lib(gpio.o)
    0x00004244   0x00000028   Data   RO         2661    .constdata          c_w.l(_printf_hex_int.o)
    0x0000426c   0x00000011   Data   RO         2691    .constdata          c_w.l(__printf_flags_wp.o)
    0x0000427d   0x00000003   PAD
    0x00004280   0x000000c3   Data   RO          656    .conststring        atcitycommsm.o
    0x00004343   0x00000001   PAD
    0x00004344   0x00000011   Data   RO         1451    .conststring        uartstdio.o
    0x00004355   0x00000003   PAD
    0x00004358   0x00000020   Data   RO         2908    Region$$Table       anon$$obj.o
    0x00004378   0x00000110   Data   RO         2770    locale$$data        c_w.l(lc_ctype_c.o)


    Execution Region RW_IRAM1 (Base: 0x20000000, Size: 0x000009b8, Max: 0x00008000, ABSOLUTE)

    Base Addr    Size         Type   Attr      Idx    E Section Name        Object

    0x20000000   0x00000001   Data   RW          113    .data               admulti.o
    0x20000001   0x00000003   PAD
    0x20000004   0x00000014   Data   RW          154    .data               citysensorhw.o
    0x20000018   0x00000001   Data   RW          245    .data               eventprinter.o
    0x20000019   0x00000003   PAD
    0x2000001c   0x00000018   Data   RW          285    .data               irsensorhw.o
    0x20000034   0x0000000e   Data   RW          375    .data               linesensorshw.o
    0x20000042   0x00000002   Data   RW          435    .data               mastersm.o
    0x20000044   0x00000001   Data   RW          484    .data               ssihw.o
    0x20000045   0x00000003   Data   RW          540    .data               botsm_1.o
    0x20000048   0x00000004   Data   RW          584    .data               gametimersm.o
    0x2000004c   0x00000008   Data   RW          622    .data               paccommsm.o
    0x20000054   0x00000002   Data   RW          657    .data               atcitycommsm.o
    0x20000056   0x00000001   Data   RW          734    .data               mapkeys.o
    0x20000057   0x00000001   PAD
    0x20000058   0x0000001a   Data   RW          774    .data               atcityshootsm.o
    0x20000072   0x00000001   Data   RW          822    .data               findingcitynavsm.o
    0x20000073   0x00000001   PAD
    0x20000074   0x00000024   Data   RW          868    .data               project_motorservice.o
    0x20000098   0x00000009   Data   RW         1000    .data               periodiceventcheckerservice.o
    0x200000a1   0x00000001   PAD
    0x200000a2   0x00000006   Data   RW         1112    .data               es_framework.o
    0x200000a8   0x00000004   Data   RW         1171    .data               es_port.o
    0x200000ac   0x00000004   Data   RW         1259    .data               es_queue.o
    0x200000b0   0x0000000a   Data   RW         1305    .data               es_timers.o
    0x200000ba   0x00000002   PAD
    0x200000bc   0x00000004   Data   RW         1353    .data               retarget.o
    0x200000c0   0x00000004   Data   RW         1354    .data               retarget.o
    0x200000c4   0x00000008   Data   RW         1452    .data               uartstdio.o
    0x200000cc   0x00000010   Zero   RW          374    .bss                linesensorshw.o
    0x200000dc   0x0000000a   Zero   RW          772    .bss                atcityshootsm.o
    0x200000e6   0x0000000c   Zero   RW         1106    .bss                es_framework.o
    0x200000f2   0x00000010   Zero   RW         1107    .bss                es_framework.o
    0x20000102   0x00000010   Zero   RW         1108    .bss                es_framework.o
    0x20000112   0x00000010   Zero   RW         1109    .bss                es_framework.o
    0x20000122   0x00000010   Zero   RW         1110    .bss                es_framework.o
    0x20000132   0x00000020   Zero   RW         1303    .bss                es_timers.o
    0x20000152   0x00000002   PAD
    0x20000154   0x00000060   Zero   RW         2774    .bss                c_w.l(libspace.o)
    0x200001b4   0x00000004   PAD
    0x200001b8   0x00000000   Zero   RW         1067    HEAP                startup_rvmdk.o
    0x200001b8   0x00000800   Zero   RW         1066    STACK               startup_rvmdk.o


==============================================================================

Image component sizes


      Code (inc. data)   RO Data    RW Data    ZI Data      Debug   Object Name

       256         40         48          1          0       2124   admulti.o
       930        238        199          2          0       5938   atcitycommsm.o
       524        102          4         26         10       6349   atcityshootsm.o
       648         96          4          3          0       5824   botsm_1.o
       116         30          0          0          0       1514   cammotorhw.o
       436         74          0         20          0       5277   citysensorhw.o
       160         28          0          0          0        631   enablepa25_pb23_pd7_pf0.o
        40          6          4          0          0       1329   es_checkevents.o
       228         30         80          6         76       3312   es_framework.o
        52          4         47          0          0       1526   es_lookuptables.o
       100         16          0          4          0       4437   es_port.o
        78         12         24          0          0       2652   es_postlist.o
       172         10          0          4          0       2953   es_queue.o
       212         42         64         10         32       3830   es_timers.o
        44          4          0          0          0       1558   eventcheckers.o
       896        744          0          1          0       2928   eventprinter.o
       476         26          4          1          0       4022   findingcitynavsm.o
       280         24          4          4          0       4322   gametimersm.o
       328        236          0          0          0      10635   hsmtemplatemain.o
       504        114          0         24          0       4953   irsensorhw.o
       180         34          0          0          0       1996   ledshw.o
       292         30          0         14         16       6205   linesensorshw.o
       960        516          0          1          0       2735   mapkeys.o
       170         22          0          2          0       4819   mastersm.o
       244         24          4          8          0       3721   paccommsm.o
       268         24          0          9          0       4050   periodiceventcheckerservice.o
      1324        226          0         36          0      12491   project_motorservice.o
       332         38          0          0          0       2008   project_pwmlab.o
        26          0          0          8          0       4015   retarget.o
       356         76          0          1          0       3360   ssihw.o
       672        636          0          0       2048        636   startup_rvmdk.o
       216         42          0          0          0       1382   switcheshw.o
       100         20          0          0          0       1116   teamcolorswitchhw.o
       116         26          0          0          0       2148   termio.o
       116         14         45          8          0       3136   uartstdio.o

    ----------------------------------------------------------------------
     11868       3604        568        204       2184     129932   Object Totals
         0          0         32          0          0          0   (incl. Generated)
        16          0          5         11          2          0   (incl. Padding)

    ----------------------------------------------------------------------

      Code (inc. data)   RO Data    RW Data    ZI Data      Debug   Library Member Name

         8          0          0          0          0         68   __main.o
       312          4         17          0          0         92   __printf_flags_wp.o
        14          0          0          0          0         68   __printf_wp.o
         0          0          0          0          0          0   __rtentry.o
        12          0          0          0          0          0   __rtentry2.o
         6          0          0          0          0          0   __rtentry4.o
        52          8          0          0          0          0   __scatter.o
        26          0          0          0          0          0   __scatter_copy.o
        28          0          0          0          0          0   __scatter_zi.o
         6          0          0          0          0          0   _printf_c.o
        44          0          0          0          0        108   _printf_char.o
        48          6          0          0          0         96   _printf_char_common.o
        36          4          0          0          0         80   _printf_char_file.o
         6          0          0          0          0          0   _printf_d.o
       120         16          0          0          0         92   _printf_dec.o
        88          4         40          0          0         88   _printf_hex_int.o
       178          0          0          0          0         88   _printf_intcommon.o
        78          0          0          0          0        108   _printf_pad.o
         0          0          0          0          0          0   _printf_percent.o
         4          0          0          0          0          0   _printf_percent_end.o
         6          0          0          0          0          0   _printf_s.o
        82          0          0          0          0         80   _printf_str.o
         6          0          0          0          0          0   _printf_x.o
        18          0          0          0          0         80   exit.o
         4          0          0          0          0         68   getc.o
         6          0          0          0          0        152   heapauxi.o
        44         10        272          0          0         76   lc_ctype_c.o
         2          0          0          0          0          0   libinit.o
        24          0          0          0          0          0   libinit2.o
         2          0          0          0          0          0   libshutdown.o
         2          0          0          0          0          0   libshutdown2.o
         8          4          0          0         96         68   libspace.o
        24          4          0          0          0         84   noretval__2printf.o
        44          4          0          0          0         84   puts.o
        16          4          0          0          0         76   rt_ctype_table.o
         8          4          0          0          0         68   rt_locale_intlibspace.o
         2          0          0          0          0          0   rtexit.o
        10          0          0          0          0          0   rtexit2.o
       128          0          0          0          0         68   strcmpv7m.o
        74          0          0          0          0         80   sys_stackheap_outer.o
        30          0          0          0          0         76   toupper.o
         2          0          0          0          0         68   use_no_semi.o
        38          0          0          0          0        572   cpu.o
       476          8        528          0          0       7164   gpio.o
        14          0          0          0          0        518   interrupt.o
       334         22          0          0          0       1742   sysctl.o
        38          0          0          0          0       1410   systick.o
        18          0          0          0          0        999   uart.o
        98          4          0          0          0        140   d2f.o
       804         16          0          0          0        368   daddsub_clz.o
        46          0          0          0          0        116   dflt_clz.o
       340         12          0          0          0        152   dmul.o
       156          4          0          0          0        140   dnaninf.o
        12          0          0          0          0        116   dretinf.o
        86          4          0          0          0        132   f2d.o
       140          4          0          0          0        132   fnaninf.o
        10          0          0          0          0        116   fpinit.o
        10          0          0          0          0        116   fretinf.o
         0          0          0          0          0          0   usenofp.o

    ----------------------------------------------------------------------
      4248        146        860          0        100      15949   Library Totals
        20          0          3          0          4          0   (incl. Padding)

    ----------------------------------------------------------------------

      Code (inc. data)   RO Data    RW Data    ZI Data      Debug   Library Name

      1608         72        329          0         96       2016   c_w.l
       918         30        528          0          0      12405   driverlib.lib
      1702         44          0          0          0       1528   fz_wm.l

    ----------------------------------------------------------------------
      4248        146        860          0        100      15949   Library Totals

    ----------------------------------------------------------------------

==============================================================================


      Code (inc. data)   RO Data    RW Data    ZI Data      Debug   

     16116       3750       1428        204       2284     129541   Grand Totals
     16116       3750       1428        204       2284     129541   ELF Image Totals
     16116       3750       1428        204          0          0   ROM Totals

==============================================================================

    Total RO  Size (Code + RO Data)                17544 (  17.13kB)
    Total RW  Size (RW Data + ZI Data)              2488 (   2.43kB)
    Total ROM Size (Code + RO Data + RW Data)      17748 (  17.33kB)

==============================================================================

